keywords.momo:1:0 [KEYWORD] 'if'
keywords.momo:2:0 [KEYWORD] 'else'
keywords.momo:4:0 [KEYWORD] 'for'
keywords.momo:5:0 [KEYWORD] 'while'
keywords.momo:7:0 [KEYWORD] 'fun'
keywords.momo:9:0 [KEYWORD] 'enum'
keywords.momo:10:0 [KEYWORD] 'struct'
keywords.momo:11:0 [KEYWORD] 'union'
keywords.momo:13:0 [KEYWORD] 'include'
keywords.momo:15:0 [KEYWORD] 'return'
keywords.momo:16:0 [KEYWORD] 'continue'
keywords.momo:17:0 [KEYWORD] 'switch'
keywords.momo:18:0 [KEYWORD] 'break'
keywords.momo:19:0 [KEYWORD] 'case'
keywords.momo:20:0 [KEYWORD] 'default'
keywords.momo:20:7 [EOF] 'EOF'
