keywords.momo:1:0 [KEYWORD] 'int8'
keywords.momo:2:0 [KEYWORD] 'int16'
keywords.momo:3:0 [KEYWORD] 'int32'
keywords.momo:4:0 [KEYWORD] 'int64'
keywords.momo:6:0 [KEYWORD] 'uint'
keywords.momo:7:0 [KEYWORD] 'uint8'
keywords.momo:8:0 [KEYWORD] 'uint16'
keywords.momo:9:0 [KEYWORD] 'uint32'
keywords.momo:10:0 [KEYWORD] 'uint64'
keywords.momo:12:0 [KEYWORD] 'float'
keywords.momo:13:0 [KEYWORD] 'float32'
keywords.momo:14:0 [KEYWORD] 'float64'
keywords.momo:15:0 [KEYWORD] 'char'
keywords.momo:16:0 [KEYWORD] 'string'
keywords.momo:17:0 [KEYWORD] 'bool'
keywords.momo:19:0 [KEYWORD] 'if'
keywords.momo:20:0 [KEYWORD] 'else'
keywords.momo:22:0 [KEYWORD] 'for'
keywords.momo:23:0 [KEYWORD] 'while'
keywords.momo:25:0 [KEYWORD] 'fun'
keywords.momo:27:0 [KEYWORD] 'enum'
keywords.momo:28:0 [KEYWORD] 'struct'
keywords.momo:29:0 [KEYWORD] 'union'
keywords.momo:31:0 [KEYWORD] 'include'
keywords.momo:33:0 [KEYWORD] 'return'
keywords.momo:34:0 [KEYWORD] 'continue'
keywords.momo:35:0 [KEYWORD] 'switch'
keywords.momo:36:0 [KEYWORD] 'break'
keywords.momo:37:0 [KEYWORD] 'case'
keywords.momo:38:0 [KEYWORD] 'default'
keywords.momo:38:7 [EOF] 'EOF'
