operators.momo:1:7 [-] '-'
operators.momo:2:0 [--] '--'
operators.momo:3:0 [->] '->'
operators.momo:4:0 [+] '+'
operators.momo:5:0 [++] '++'
operators.momo:6:0 [+=] '+='
operators.momo:7:0 [/] '/'
operators.momo:8:0 [/=] '/='
operators.momo:9:0 [*] '*'
operators.momo:10:0 [**] '**'
operators.momo:11:0 [*=] '*='
operators.momo:12:0 [%] '%'
operators.momo:13:0 [%=] '%='
operators.momo:15:0 [&] '&'
operators.momo:16:0 [&=] '&='
operators.momo:17:0 [^] '^'
operators.momo:18:0 [^=] '^='
operators.momo:19:0 [<<] '<<'
operators.momo:20:0 [>>] '>>'
operators.momo:21:0 [~] '~'
operators.momo:22:0 [|] '|'
operators.momo:23:0 [|=] '|='
operators.momo:25:0 [!] '!'
operators.momo:26:0 [!=] '!='
operators.momo:27:0 [&&] '&&'
operators.momo:28:0 [||] '||'
operators.momo:30:0 [=] '='
operators.momo:31:0 [==] '=='
operators.momo:33:0 [<] '<'
operators.momo:34:0 [>] '>'
operators.momo:35:0 [<=] '<='
operators.momo:36:0 [>=] '>='
operators.momo:37:0 [EOF] 'EOF'
