parse_cast.momo:1:0 [CAST] '( int ) 42'
parse_cast.momo:2:0 [CAST] '( string ) "Hello, World!"'
parse_cast.momo:3:0 [CAST] '( bool ) true'
parse_cast.momo:4:0 [CAST] '( uint ) 'myVariable': ???'
parse_cast.momo:5:0 [CAST] '( float ) ((5 + 3) * 2)'
parse_cast.momo:6:0 [CAST] '( bool ) myFunction('arg1': ???, 'arg2': ???)'
parse_cast.momo:7:0 [CAST] '( int )  - 'myVariable': ???'
parse_cast.momo:8:0 [CAST] '( char ) array['index': ???]'
parse_cast.momo:9:0 [CAST] '( string ) (myFunction() + " appended string")'
parse_cast.momo:10:0 [CAST] '( int64 ) ++'myVariable': ???'
