types.momo:1:0 [TYPE] 'int'
types.momo:1:3 [;] ';'
types.momo:2:0 [TYPE] 'int8'
types.momo:2:4 [;] ';'
types.momo:3:0 [TYPE] 'int16'
types.momo:3:5 [;] ';'
types.momo:4:0 [TYPE] 'int32'
types.momo:4:5 [;] ';'
types.momo:5:0 [TYPE] 'int64'
types.momo:5:5 [;] ';'
types.momo:7:0 [TYPE] 'uint'
types.momo:7:4 [;] ';'
types.momo:8:0 [TYPE] 'uint8'
types.momo:8:5 [;] ';'
types.momo:9:0 [TYPE] 'uint16'
types.momo:9:6 [;] ';'
types.momo:10:0 [TYPE] 'uint32'
types.momo:10:6 [;] ';'
types.momo:11:0 [TYPE] 'uint64'
types.momo:11:6 [;] ';'
types.momo:13:0 [TYPE] 'float'
types.momo:13:5 [;] ';'
types.momo:14:0 [TYPE] 'float32'
types.momo:14:7 [;] ';'
types.momo:15:0 [TYPE] 'float64'
types.momo:15:7 [;] ';'
types.momo:17:0 [TYPE] 'char'
types.momo:17:4 [;] ';'
types.momo:18:0 [TYPE] 'string'
types.momo:18:6 [;] ';'
types.momo:19:0 [TYPE] 'bool'
types.momo:19:4 [;] ';'
types.momo:19:6 [EOF] 'EOF'
